Loading speaker turns from reference RTTMs...
Loading speaker turns from system RTTMs...
Loading universal evaluation map...
Trimming reference speaker turns to UEM scoring regions...
WARNING: Truncating turn overlapping non-scoring region. TURN: FILE: S04_U01, SPEAKER: P10, ONSET: 5010.060000, OFFSET: 5020.240000, DUR: 10.180000
WARNING: Truncating turn overlapping non-scoring region. TURN: FILE: S04_U03, SPEAKER: P10, ONSET: 5002.270000, OFFSET: 5002.900000, DUR: 0.630000
WARNING: Truncating turn overlapping non-scoring region. TURN: FILE: S04_U04, SPEAKER: P10, ONSET: 5001.600000, OFFSET: 5002.230000, DUR: 0.630000
WARNING: Truncating turn overlapping non-scoring region. TURN: FILE: S04_U04, SPEAKER: P10, ONSET: 5010.050000, OFFSET: 5020.230000, DUR: 10.180000
WARNING: Truncating turn overlapping non-scoring region. TURN: FILE: S04_U06, SPEAKER: P10, ONSET: 5002.100000, OFFSET: 5002.730000, DUR: 0.630000
WARNING: Truncating turn overlapping non-scoring region. TURN: FILE: S04_U06, SPEAKER: P10, ONSET: 5010.550000, OFFSET: 5020.730000, DUR: 10.180000
WARNING: Truncating turn overlapping non-scoring region. TURN: FILE: S06_U01, SPEAKER: P14, ONSET: 5823.320000, OFFSET: 5824.140000, DUR: 0.820000
WARNING: Truncating turn overlapping non-scoring region. TURN: FILE: S06_U02, SPEAKER: P14, ONSET: 5823.220000, OFFSET: 5824.040000, DUR: 0.820000
WARNING: Truncating turn overlapping non-scoring region. TURN: FILE: S06_U02, SPEAKER: P16, ONSET: 7908.100000, OFFSET: 7910.230000, DUR: 2.130000
WARNING: Truncating turn overlapping non-scoring region. TURN: FILE: S06_U03, SPEAKER: P14, ONSET: 5823.240000, OFFSET: 5824.060000, DUR: 0.820000
WARNING: Truncating turn overlapping non-scoring region. TURN: FILE: S06_U04, SPEAKER: P14, ONSET: 5822.920000, OFFSET: 5823.740000, DUR: 0.820000
WARNING: Truncating turn overlapping non-scoring region. TURN: FILE: S06_U05, SPEAKER: P14, ONSET: 5823.110000, OFFSET: 5823.930000, DUR: 0.820000
WARNING: Truncating turn overlapping non-scoring region. TURN: FILE: S06_U06, SPEAKER: P14, ONSET: 5823.290000, OFFSET: 5824.110000, DUR: 0.820000
WARNING: Truncating turn overlapping non-scoring region. TURN: FILE: S06_U06, SPEAKER: P16, ONSET: 7908.020000, OFFSET: 7910.150000, DUR: 2.130000
WARNING: Truncating turn overlapping non-scoring region. TURN: FILE: S07_U01, SPEAKER: P20, ONSET: 1321.460000, OFFSET: 1326.060000, DUR: 4.600000
WARNING: Truncating turn overlapping non-scoring region. TURN: FILE: S07_U01, SPEAKER: P18, ONSET: 3454.720000, OFFSET: 3456.080000, DUR: 1.360000
WARNING: Truncating turn overlapping non-scoring region. TURN: FILE: S07_U01, SPEAKER: P17, ONSET: 3468.700000, OFFSET: 3469.700000, DUR: 1.000000
WARNING: Truncating turn overlapping non-scoring region. TURN: FILE: S07_U02, SPEAKER: P20, ONSET: 1321.480000, OFFSET: 1326.080000, DUR: 4.600000
WARNING: Truncating turn overlapping non-scoring region. TURN: FILE: S07_U02, SPEAKER: P18, ONSET: 3454.800000, OFFSET: 3456.160000, DUR: 1.360000
WARNING: Truncating turn overlapping non-scoring region. TURN: FILE: S07_U02, SPEAKER: P17, ONSET: 3468.780000, OFFSET: 3469.780000, DUR: 1.000000
WARNING: Truncating turn overlapping non-scoring region. TURN: FILE: S07_U03, SPEAKER: P20, ONSET: 1321.470000, OFFSET: 1326.070000, DUR: 4.600000
WARNING: Truncating turn overlapping non-scoring region. TURN: FILE: S07_U03, SPEAKER: P18, ONSET: 3454.720000, OFFSET: 3456.080000, DUR: 1.360000
WARNING: Truncating turn overlapping non-scoring region. TURN: FILE: S07_U03, SPEAKER: P17, ONSET: 3468.700000, OFFSET: 3469.700000, DUR: 1.000000
WARNING: Truncating turn overlapping non-scoring region. TURN: FILE: S07_U04, SPEAKER: P18, ONSET: 3454.520000, OFFSET: 3455.880000, DUR: 1.360000
WARNING: Truncating turn overlapping non-scoring region. TURN: FILE: S07_U04, SPEAKER: P17, ONSET: 3468.500000, OFFSET: 3469.500000, DUR: 1.000000
WARNING: Truncating turn overlapping non-scoring region. TURN: FILE: S07_U05, SPEAKER: P20, ONSET: 1321.440000, OFFSET: 1326.040000, DUR: 4.600000
WARNING: Truncating turn overlapping non-scoring region. TURN: FILE: S07_U05, SPEAKER: P18, ONSET: 3454.740000, OFFSET: 3456.100000, DUR: 1.360000
WARNING: Truncating turn overlapping non-scoring region. TURN: FILE: S07_U05, SPEAKER: P17, ONSET: 3468.720000, OFFSET: 3469.720000, DUR: 1.000000
WARNING: Truncating turn overlapping non-scoring region. TURN: FILE: S07_U06, SPEAKER: P20, ONSET: 1321.410000, OFFSET: 1326.010000, DUR: 4.600000
WARNING: Truncating turn overlapping non-scoring region. TURN: FILE: S07_U06, SPEAKER: P18, ONSET: 3454.750000, OFFSET: 3456.110000, DUR: 1.360000
WARNING: Truncating turn overlapping non-scoring region. TURN: FILE: S07_U06, SPEAKER: P17, ONSET: 3468.730000, OFFSET: 3469.730000, DUR: 1.000000
WARNING: Truncating turn overlapping non-scoring region. TURN: FILE: S09_U01, SPEAKER: P25, ONSET: 1779.840000, OFFSET: 1783.380000, DUR: 3.540000
WARNING: Truncating turn overlapping non-scoring region. TURN: FILE: S09_U01, SPEAKER: P25, ONSET: 1859.330000, OFFSET: 1861.800000, DUR: 2.470000
WARNING: Truncating turn overlapping non-scoring region. TURN: FILE: S09_U01, SPEAKER: P28, ONSET: 1860.150000, OFFSET: 1861.790000, DUR: 1.640000
WARNING: Truncating turn overlapping non-scoring region. TURN: FILE: S09_U01, SPEAKER: P28, ONSET: 4119.060000, OFFSET: 4120.900000, DUR: 1.840000
WARNING: Truncating turn overlapping non-scoring region. TURN: FILE: S09_U02, SPEAKER: P25, ONSET: 1859.270000, OFFSET: 1861.740000, DUR: 2.470000
WARNING: Truncating turn overlapping non-scoring region. TURN: FILE: S09_U02, SPEAKER: P25, ONSET: 2095.510000, OFFSET: 2104.060000, DUR: 8.550000
WARNING: Truncating turn overlapping non-scoring region. TURN: FILE: S09_U02, SPEAKER: P25, ONSET: 2462.260000, OFFSET: 2467.310000, DUR: 5.050000
WARNING: Truncating turn overlapping non-scoring region. TURN: FILE: S09_U03, SPEAKER: P25, ONSET: 1779.860000, OFFSET: 1783.400000, DUR: 3.540000
WARNING: Truncating turn overlapping non-scoring region. TURN: FILE: S09_U03, SPEAKER: P25, ONSET: 1859.350000, OFFSET: 1861.820000, DUR: 2.470000
WARNING: Truncating turn overlapping non-scoring region. TURN: FILE: S09_U03, SPEAKER: P28, ONSET: 1860.160000, OFFSET: 1861.800000, DUR: 1.640000
WARNING: Truncating turn overlapping non-scoring region. TURN: FILE: S09_U03, SPEAKER: P25, ONSET: 2278.760000, OFFSET: 2290.060000, DUR: 11.300000
WARNING: Truncating turn overlapping non-scoring region. TURN: FILE: S09_U03, SPEAKER: P27, ONSET: 6527.810000, OFFSET: 6528.490000, DUR: 0.680000
WARNING: Truncating turn overlapping non-scoring region. TURN: FILE: S09_U04, SPEAKER: P25, ONSET: 1779.680000, OFFSET: 1783.220000, DUR: 3.540000
WARNING: Truncating turn overlapping non-scoring region. TURN: FILE: S09_U04, SPEAKER: P25, ONSET: 1859.160000, OFFSET: 1861.630000, DUR: 2.470000
WARNING: Truncating turn overlapping non-scoring region. TURN: FILE: S09_U04, SPEAKER: P28, ONSET: 1859.980000, OFFSET: 1861.620000, DUR: 1.640000
WARNING: Truncating turn overlapping non-scoring region. TURN: FILE: S09_U04, SPEAKER: P25, ONSET: 2186.280000, OFFSET: 2187.680000, DUR: 1.400000
WARNING: Truncating turn overlapping non-scoring region. TURN: FILE: S09_U04, SPEAKER: P25, ONSET: 2278.610000, OFFSET: 2289.910000, DUR: 11.300000
WARNING: Truncating turn overlapping non-scoring region. TURN: FILE: S09_U06, SPEAKER: P25, ONSET: 1779.850000, OFFSET: 1783.390000, DUR: 3.540000
WARNING: Truncating turn overlapping non-scoring region. TURN: FILE: S09_U06, SPEAKER: P25, ONSET: 1859.340000, OFFSET: 1861.810000, DUR: 2.470000
WARNING: Truncating turn overlapping non-scoring region. TURN: FILE: S09_U06, SPEAKER: P28, ONSET: 1860.160000, OFFSET: 1861.800000, DUR: 1.640000
WARNING: Truncating turn overlapping non-scoring region. TURN: FILE: S09_U06, SPEAKER: P25, ONSET: 2278.760000, OFFSET: 2290.060000, DUR: 11.300000
WARNING: Truncating turn overlapping non-scoring region. TURN: FILE: S12_U02, SPEAKER: P35, ONSET: 6927.440000, OFFSET: 6930.380000, DUR: 2.940000
WARNING: Truncating turn overlapping non-scoring region. TURN: FILE: S13_U01, SPEAKER: P33, ONSET: 5173.370000, OFFSET: 5174.410000, DUR: 1.040000
WARNING: Truncating turn overlapping non-scoring region. TURN: FILE: S13_U01, SPEAKER: P36, ONSET: 5974.300000, OFFSET: 5975.380000, DUR: 1.080000
WARNING: Truncating turn overlapping non-scoring region. TURN: FILE: S13_U01, SPEAKER: P33, ONSET: 5974.360000, OFFSET: 5974.970000, DUR: 0.610000
WARNING: Truncating turn overlapping non-scoring region. TURN: FILE: S13_U01, SPEAKER: P36, ONSET: 7199.590000, OFFSET: 7200.830000, DUR: 1.240000
WARNING: Truncating turn overlapping non-scoring region. TURN: FILE: S13_U02, SPEAKER: P33, ONSET: 5173.580000, OFFSET: 5174.620000, DUR: 1.040000
WARNING: Truncating turn overlapping non-scoring region. TURN: FILE: S13_U02, SPEAKER: P36, ONSET: 5974.590000, OFFSET: 5975.670000, DUR: 1.080000
WARNING: Truncating turn overlapping non-scoring region. TURN: FILE: S13_U02, SPEAKER: P33, ONSET: 5974.640000, OFFSET: 5975.250000, DUR: 0.610000
WARNING: Truncating turn overlapping non-scoring region. TURN: FILE: S13_U02, SPEAKER: P36, ONSET: 7199.750000, OFFSET: 7200.990000, DUR: 1.240000
WARNING: Truncating turn overlapping non-scoring region. TURN: FILE: S13_U03, SPEAKER: P33, ONSET: 5173.040000, OFFSET: 5174.080000, DUR: 1.040000
WARNING: Truncating turn overlapping non-scoring region. TURN: FILE: S13_U03, SPEAKER: P36, ONSET: 5974.040000, OFFSET: 5975.120000, DUR: 1.080000
WARNING: Truncating turn overlapping non-scoring region. TURN: FILE: S13_U03, SPEAKER: P33, ONSET: 5974.100000, OFFSET: 5974.710000, DUR: 0.610000
WARNING: Truncating turn overlapping non-scoring region. TURN: FILE: S13_U03, SPEAKER: P36, ONSET: 7199.250000, OFFSET: 7200.490000, DUR: 1.240000
WARNING: Truncating turn overlapping non-scoring region. TURN: FILE: S13_U04, SPEAKER: P33, ONSET: 5173.500000, OFFSET: 5174.540000, DUR: 1.040000
WARNING: Truncating turn overlapping non-scoring region. TURN: FILE: S13_U04, SPEAKER: P36, ONSET: 5974.490000, OFFSET: 5975.570000, DUR: 1.080000
WARNING: Truncating turn overlapping non-scoring region. TURN: FILE: S13_U04, SPEAKER: P33, ONSET: 5974.550000, OFFSET: 5975.160000, DUR: 0.610000
WARNING: Truncating turn overlapping non-scoring region. TURN: FILE: S13_U04, SPEAKER: P36, ONSET: 7199.800000, OFFSET: 7201.040000, DUR: 1.240000
WARNING: Truncating turn overlapping non-scoring region. TURN: FILE: S13_U05, SPEAKER: P33, ONSET: 5173.400000, OFFSET: 5174.440000, DUR: 1.040000
WARNING: Truncating turn overlapping non-scoring region. TURN: FILE: S13_U05, SPEAKER: P36, ONSET: 5974.450000, OFFSET: 5975.530000, DUR: 1.080000
WARNING: Truncating turn overlapping non-scoring region. TURN: FILE: S13_U05, SPEAKER: P33, ONSET: 5974.500000, OFFSET: 5975.110000, DUR: 0.610000
WARNING: Truncating turn overlapping non-scoring region. TURN: FILE: S13_U05, SPEAKER: P36, ONSET: 7199.620000, OFFSET: 7200.860000, DUR: 1.240000
WARNING: Truncating turn overlapping non-scoring region. TURN: FILE: S13_U06, SPEAKER: P33, ONSET: 5173.710000, OFFSET: 5174.750000, DUR: 1.040000
WARNING: Truncating turn overlapping non-scoring region. TURN: FILE: S13_U06, SPEAKER: P36, ONSET: 5974.740000, OFFSET: 5975.820000, DUR: 1.080000
WARNING: Truncating turn overlapping non-scoring region. TURN: FILE: S13_U06, SPEAKER: P33, ONSET: 5974.790000, OFFSET: 5975.400000, DUR: 0.610000
WARNING: Truncating turn overlapping non-scoring region. TURN: FILE: S13_U06, SPEAKER: P36, ONSET: 7199.810000, OFFSET: 7201.050000, DUR: 1.240000
WARNING: Truncating turn overlapping non-scoring region. TURN: FILE: S16_U02, SPEAKER: P24, ONSET: 4764.770000, OFFSET: 4766.090000, DUR: 1.320000
WARNING: Truncating turn overlapping non-scoring region. TURN: FILE: S17_U02, SPEAKER: P18, ONSET: 4883.930000, OFFSET: 4894.940000, DUR: 11.010000
WARNING: Truncating turn overlapping non-scoring region. TURN: FILE: S17_U03, SPEAKER: P20, ONSET: 2808.800000, OFFSET: 2814.910000, DUR: 6.110000
WARNING: Truncating turn overlapping non-scoring region. TURN: FILE: S17_U03, SPEAKER: P18, ONSET: 4883.940000, OFFSET: 4894.940000, DUR: 11.000000
WARNING: Truncating turn overlapping non-scoring region. TURN: FILE: S17_U03, SPEAKER: P17, ONSET: 4894.540000, OFFSET: 4894.940000, DUR: 0.400000
WARNING: Truncating turn overlapping non-scoring region. TURN: FILE: S17_U04, SPEAKER: P18, ONSET: 4884.040000, OFFSET: 4895.040000, DUR: 11.000000
WARNING: Truncating turn overlapping non-scoring region. TURN: FILE: S17_U05, SPEAKER: P18, ONSET: 4884.030000, OFFSET: 4895.030000, DUR: 11.000000
WARNING: Truncating turn overlapping non-scoring region. TURN: FILE: S17_U05, SPEAKER: P17, ONSET: 4894.630000, OFFSET: 4895.030000, DUR: 0.400000
WARNING: Truncating turn overlapping non-scoring region. TURN: FILE: S17_U06, SPEAKER: P18, ONSET: 4883.940000, OFFSET: 4894.940000, DUR: 11.000000
WARNING: Truncating turn overlapping non-scoring region. TURN: FILE: S18_U01, SPEAKER: P41, ONSET: 3628.530000, OFFSET: 3628.850000, DUR: 0.320000
WARNING: Truncating turn overlapping non-scoring region. TURN: FILE: S18_U01, SPEAKER: P43, ONSET: 4640.000000, OFFSET: 4640.820000, DUR: 0.820000
WARNING: Truncating turn overlapping non-scoring region. TURN: FILE: S18_U01, SPEAKER: P43, ONSET: 4894.730000, OFFSET: 4896.990000, DUR: 2.260000
WARNING: Truncating turn overlapping non-scoring region. TURN: FILE: S18_U01, SPEAKER: P42, ONSET: 4907.410000, OFFSET: 4909.010000, DUR: 1.600000
WARNING: Truncating turn overlapping non-scoring region. TURN: FILE: S18_U01, SPEAKER: P41, ONSET: 9415.040000, OFFSET: 9423.020000, DUR: 7.980000
WARNING: Truncating turn overlapping non-scoring region. TURN: FILE: S18_U02, SPEAKER: P41, ONSET: 3628.290000, OFFSET: 3628.610000, DUR: 0.320000
WARNING: Truncating turn overlapping non-scoring region. TURN: FILE: S18_U02, SPEAKER: P43, ONSET: 4639.730000, OFFSET: 4640.550000, DUR: 0.820000
WARNING: Truncating turn overlapping non-scoring region. TURN: FILE: S18_U02, SPEAKER: P43, ONSET: 4894.580000, OFFSET: 4896.840000, DUR: 2.260000
WARNING: Truncating turn overlapping non-scoring region. TURN: FILE: S18_U02, SPEAKER: P42, ONSET: 4907.260000, OFFSET: 4908.860000, DUR: 1.600000
WARNING: Truncating turn overlapping non-scoring region. TURN: FILE: S18_U02, SPEAKER: P41, ONSET: 9415.280000, OFFSET: 9423.280000, DUR: 8.000000
WARNING: Truncating turn overlapping non-scoring region. TURN: FILE: S18_U03, SPEAKER: P41, ONSET: 3628.360000, OFFSET: 3628.680000, DUR: 0.320000
WARNING: Truncating turn overlapping non-scoring region. TURN: FILE: S18_U03, SPEAKER: P43, ONSET: 4639.760000, OFFSET: 4640.580000, DUR: 0.820000
WARNING: Truncating turn overlapping non-scoring region. TURN: FILE: S18_U03, SPEAKER: P43, ONSET: 4894.570000, OFFSET: 4896.830000, DUR: 2.260000
WARNING: Truncating turn overlapping non-scoring region. TURN: FILE: S18_U03, SPEAKER: P42, ONSET: 4907.260000, OFFSET: 4908.860000, DUR: 1.600000
WARNING: Truncating turn overlapping non-scoring region. TURN: FILE: S18_U03, SPEAKER: P41, ONSET: 9414.530000, OFFSET: 9422.530000, DUR: 8.000000
WARNING: Truncating turn overlapping non-scoring region. TURN: FILE: S18_U04, SPEAKER: P41, ONSET: 3628.230000, OFFSET: 3628.550000, DUR: 0.320000
WARNING: Truncating turn overlapping non-scoring region. TURN: FILE: S18_U04, SPEAKER: P43, ONSET: 4639.650000, OFFSET: 4640.470000, DUR: 0.820000
WARNING: Truncating turn overlapping non-scoring region. TURN: FILE: S18_U04, SPEAKER: P43, ONSET: 4894.490000, OFFSET: 4896.750000, DUR: 2.260000
WARNING: Truncating turn overlapping non-scoring region. TURN: FILE: S18_U04, SPEAKER: P42, ONSET: 4907.180000, OFFSET: 4908.780000, DUR: 1.600000
WARNING: Truncating turn overlapping non-scoring region. TURN: FILE: S18_U04, SPEAKER: P41, ONSET: 9415.650000, OFFSET: 9423.650000, DUR: 8.000000
WARNING: Truncating turn overlapping non-scoring region. TURN: FILE: S18_U05, SPEAKER: P41, ONSET: 3628.500000, OFFSET: 3628.820000, DUR: 0.320000
WARNING: Truncating turn overlapping non-scoring region. TURN: FILE: S18_U05, SPEAKER: P43, ONSET: 4639.980000, OFFSET: 4640.800000, DUR: 0.820000
WARNING: Truncating turn overlapping non-scoring region. TURN: FILE: S18_U05, SPEAKER: P43, ONSET: 4894.830000, OFFSET: 4897.090000, DUR: 2.260000
WARNING: Truncating turn overlapping non-scoring region. TURN: FILE: S18_U05, SPEAKER: P42, ONSET: 4907.510000, OFFSET: 4909.110000, DUR: 1.600000
WARNING: Truncating turn overlapping non-scoring region. TURN: FILE: S18_U05, SPEAKER: P41, ONSET: 9415.920000, OFFSET: 9423.910000, DUR: 7.990000
WARNING: Truncating turn overlapping non-scoring region. TURN: FILE: S18_U06, SPEAKER: P41, ONSET: 3561.950000, OFFSET: 3562.270000, DUR: 0.320000
WARNING: Truncating turn overlapping non-scoring region. TURN: FILE: S18_U06, SPEAKER: P43, ONSET: 4573.390000, OFFSET: 4574.210000, DUR: 0.820000
WARNING: Truncating turn overlapping non-scoring region. TURN: FILE: S18_U06, SPEAKER: P43, ONSET: 4828.150000, OFFSET: 4830.410000, DUR: 2.260000
WARNING: Truncating turn overlapping non-scoring region. TURN: FILE: S18_U06, SPEAKER: P42, ONSET: 4840.830000, OFFSET: 4842.430000, DUR: 1.600000
WARNING: Truncating turn overlapping non-scoring region. TURN: FILE: S18_U06, SPEAKER: P41, ONSET: 9349.080000, OFFSET: 9357.080000, DUR: 8.000000
WARNING: Truncating turn overlapping non-scoring region. TURN: FILE: S22_U02, SPEAKER: P43, ONSET: 3802.110000, OFFSET: 3804.160000, DUR: 2.050000
WARNING: Truncating turn overlapping non-scoring region. TURN: FILE: S22_U04, SPEAKER: P43, ONSET: 2961.510000, OFFSET: 2963.890000, DUR: 2.380000
WARNING: Truncating turn overlapping non-scoring region. TURN: FILE: S22_U04, SPEAKER: P41, ONSET: 2976.420000, OFFSET: 2978.490000, DUR: 2.070000
WARNING: Truncating turn overlapping non-scoring region. TURN: FILE: S22_U05, SPEAKER: P41, ONSET: 2976.420000, OFFSET: 2978.490000, DUR: 2.070000
WARNING: Truncating turn overlapping non-scoring region. TURN: FILE: S22_U05, SPEAKER: P43, ONSET: 3802.090000, OFFSET: 3804.140000, DUR: 2.050000
WARNING: Truncating turn overlapping non-scoring region. TURN: FILE: S24_U04, SPEAKER: P56, ONSET: 3565.260000, OFFSET: 3567.830000, DUR: 2.570000
Trimming system speaker turns to UEM scoring regions...
WARNING: Truncating turn overlapping non-scoring region. TURN: FILE: S04_U01, SPEAKER: 5, ONSET: 5015.475000, OFFSET: 5020.240000, DUR: 4.765000
WARNING: Truncating turn overlapping non-scoring region. TURN: FILE: S04_U03, SPEAKER: 4, ONSET: 5002.270000, OFFSET: 5002.900000, DUR: 0.630000
WARNING: Truncating turn overlapping non-scoring region. TURN: FILE: S04_U04, SPEAKER: 4, ONSET: 5001.600000, OFFSET: 5002.230000, DUR: 0.630000
WARNING: Truncating turn overlapping non-scoring region. TURN: FILE: S04_U04, SPEAKER: 4, ONSET: 5016.215000, OFFSET: 5020.230000, DUR: 4.015000
WARNING: Truncating turn overlapping non-scoring region. TURN: FILE: S04_U06, SPEAKER: 4, ONSET: 5002.100000, OFFSET: 5002.730000, DUR: 0.630000
WARNING: Truncating turn overlapping non-scoring region. TURN: FILE: S04_U06, SPEAKER: 5, ONSET: 5009.590000, OFFSET: 5020.730000, DUR: 11.140000
WARNING: Truncating turn overlapping non-scoring region. TURN: FILE: S06_U01, SPEAKER: 5, ONSET: 5823.320000, OFFSET: 5824.140000, DUR: 0.820000
WARNING: Truncating turn overlapping non-scoring region. TURN: FILE: S06_U02, SPEAKER: 3, ONSET: 5823.220000, OFFSET: 5824.040000, DUR: 0.820000
WARNING: Truncating turn overlapping non-scoring region. TURN: FILE: S06_U02, SPEAKER: 5, ONSET: 7907.515000, OFFSET: 7910.230000, DUR: 2.715000
WARNING: Truncating turn overlapping non-scoring region. TURN: FILE: S06_U03, SPEAKER: 3, ONSET: 5823.240000, OFFSET: 5824.060000, DUR: 0.820000
WARNING: Truncating turn overlapping non-scoring region. TURN: FILE: S06_U04, SPEAKER: 2, ONSET: 5822.920000, OFFSET: 5823.740000, DUR: 0.820000
WARNING: Truncating turn overlapping non-scoring region. TURN: FILE: S06_U05, SPEAKER: 5, ONSET: 5823.110000, OFFSET: 5823.930000, DUR: 0.820000
WARNING: Truncating turn overlapping non-scoring region. TURN: FILE: S06_U06, SPEAKER: 4, ONSET: 5823.290000, OFFSET: 5824.110000, DUR: 0.820000
WARNING: Truncating turn overlapping non-scoring region. TURN: FILE: S06_U06, SPEAKER: 4, ONSET: 7909.675000, OFFSET: 7910.150000, DUR: 0.475000
WARNING: Truncating turn overlapping non-scoring region. TURN: FILE: S07_U01, SPEAKER: 1, ONSET: 1321.460000, OFFSET: 1324.835000, DUR: 3.375000
WARNING: Truncating turn overlapping non-scoring region. TURN: FILE: S07_U01, SPEAKER: 1, ONSET: 3454.720000, OFFSET: 3456.080000, DUR: 1.360000
WARNING: Truncating turn overlapping non-scoring region. TURN: FILE: S07_U01, SPEAKER: 1, ONSET: 3467.480000, OFFSET: 3469.700000, DUR: 2.220000
WARNING: Truncating turn overlapping non-scoring region. TURN: FILE: S07_U02, SPEAKER: 1, ONSET: 1321.480000, OFFSET: 1327.860000, DUR: 6.380000
WARNING: Truncating turn overlapping non-scoring region. TURN: FILE: S07_U02, SPEAKER: 1, ONSET: 3454.800000, OFFSET: 3456.160000, DUR: 1.360000
WARNING: Truncating turn overlapping non-scoring region. TURN: FILE: S07_U02, SPEAKER: 1, ONSET: 3467.560000, OFFSET: 3469.780000, DUR: 2.220000
WARNING: Truncating turn overlapping non-scoring region. TURN: FILE: S07_U03, SPEAKER: 4, ONSET: 1321.470000, OFFSET: 1327.850000, DUR: 6.380000
WARNING: Truncating turn overlapping non-scoring region. TURN: FILE: S07_U03, SPEAKER: 5, ONSET: 3454.720000, OFFSET: 3456.080000, DUR: 1.360000
WARNING: Truncating turn overlapping non-scoring region. TURN: FILE: S07_U03, SPEAKER: 2, ONSET: 3468.605000, OFFSET: 3469.700000, DUR: 1.095000
WARNING: Truncating turn overlapping non-scoring region. TURN: FILE: S07_U04, SPEAKER: 3, ONSET: 3454.520000, OFFSET: 3455.880000, DUR: 1.360000
WARNING: Truncating turn overlapping non-scoring region. TURN: FILE: S07_U04, SPEAKER: 3, ONSET: 3468.405000, OFFSET: 3469.500000, DUR: 1.095000
WARNING: Truncating turn overlapping non-scoring region. TURN: FILE: S07_U05, SPEAKER: 3, ONSET: 1321.440000, OFFSET: 1327.820000, DUR: 6.380000
WARNING: Truncating turn overlapping non-scoring region. TURN: FILE: S07_U05, SPEAKER: 3, ONSET: 3454.740000, OFFSET: 3456.100000, DUR: 1.360000
WARNING: Truncating turn overlapping non-scoring region. TURN: FILE: S07_U05, SPEAKER: 2, ONSET: 3467.500000, OFFSET: 3469.720000, DUR: 2.220000
WARNING: Truncating turn overlapping non-scoring region. TURN: FILE: S07_U06, SPEAKER: 4, ONSET: 1321.410000, OFFSET: 1327.780000, DUR: 6.370000
WARNING: Truncating turn overlapping non-scoring region. TURN: FILE: S07_U06, SPEAKER: 2, ONSET: 3454.750000, OFFSET: 3456.110000, DUR: 1.360000
WARNING: Truncating turn overlapping non-scoring region. TURN: FILE: S07_U06, SPEAKER: 1, ONSET: 3468.635000, OFFSET: 3469.730000, DUR: 1.095000
WARNING: Truncating turn overlapping non-scoring region. TURN: FILE: S08_U02, SPEAKER: 1, ONSET: 4552.435000, OFFSET: 4553.740000, DUR: 1.305000
WARNING: Truncating turn overlapping non-scoring region. TURN: FILE: S09_U01, SPEAKER: 5, ONSET: 1779.840000, OFFSET: 1781.715000, DUR: 1.875000
WARNING: Truncating turn overlapping non-scoring region. TURN: FILE: S09_U01, SPEAKER: 5, ONSET: 1860.825000, OFFSET: 1861.800000, DUR: 0.975000
WARNING: Truncating turn overlapping non-scoring region. TURN: FILE: S09_U02, SPEAKER: 3, ONSET: 1860.765000, OFFSET: 1861.740000, DUR: 0.975000
WARNING: Truncating turn overlapping non-scoring region. TURN: FILE: S09_U02, SPEAKER: 2, ONSET: 2465.925000, OFFSET: 2467.310000, DUR: 1.385000
WARNING: Truncating turn overlapping non-scoring region. TURN: FILE: S09_U02, SPEAKER: 2, ONSET: 4120.175000, OFFSET: 4120.820000, DUR: 0.645000
WARNING: Truncating turn overlapping non-scoring region. TURN: FILE: S09_U03, SPEAKER: 2, ONSET: 1779.860000, OFFSET: 1780.985000, DUR: 1.125000
WARNING: Truncating turn overlapping non-scoring region. TURN: FILE: S09_U03, SPEAKER: 2, ONSET: 1860.845000, OFFSET: 1861.820000, DUR: 0.975000
WARNING: Truncating turn overlapping non-scoring region. TURN: FILE: S09_U03, SPEAKER: 2, ONSET: 6527.810000, OFFSET: 6528.490000, DUR: 0.680000
WARNING: Truncating turn overlapping non-scoring region. TURN: FILE: S09_U04, SPEAKER: 1, ONSET: 1779.680000, OFFSET: 1784.555000, DUR: 4.875000
WARNING: Truncating turn overlapping non-scoring region. TURN: FILE: S09_U04, SPEAKER: 1, ONSET: 1859.905000, OFFSET: 1861.630000, DUR: 1.725000
WARNING: Truncating turn overlapping non-scoring region. TURN: FILE: S09_U04, SPEAKER: 2, ONSET: 2289.195000, OFFSET: 2289.910000, DUR: 0.715000
WARNING: Truncating turn overlapping non-scoring region. TURN: FILE: S09_U04, SPEAKER: 3, ONSET: 4206.595000, OFFSET: 4211.690000, DUR: 5.095000
WARNING: Truncating turn overlapping non-scoring region. TURN: FILE: S09_U06, SPEAKER: 2, ONSET: 1779.850000, OFFSET: 1783.975000, DUR: 4.125000
WARNING: Truncating turn overlapping non-scoring region. TURN: FILE: S09_U06, SPEAKER: 4, ONSET: 1859.335000, OFFSET: 1861.810000, DUR: 2.475000
WARNING: Truncating turn overlapping non-scoring region. TURN: FILE: S09_U06, SPEAKER: 2, ONSET: 4120.425000, OFFSET: 4121.070000, DUR: 0.645000
WARNING: Truncating turn overlapping non-scoring region. TURN: FILE: S09_U06, SPEAKER: 2, ONSET: 4210.635000, OFFSET: 4211.980000, DUR: 1.345000
WARNING: Truncating turn overlapping non-scoring region. TURN: FILE: S12_U02, SPEAKER: 3, ONSET: 6927.440000, OFFSET: 6930.380000, DUR: 2.940000
WARNING: Truncating turn overlapping non-scoring region. TURN: FILE: S13_U01, SPEAKER: 2, ONSET: 5173.370000, OFFSET: 5174.410000, DUR: 1.040000
WARNING: Truncating turn overlapping non-scoring region. TURN: FILE: S13_U01, SPEAKER: 3, ONSET: 5974.300000, OFFSET: 5975.380000, DUR: 1.080000
WARNING: Truncating turn overlapping non-scoring region. TURN: FILE: S13_U01, SPEAKER: 2, ONSET: 7199.590000, OFFSET: 7201.160000, DUR: 1.570000
WARNING: Truncating turn overlapping non-scoring region. TURN: FILE: S13_U02, SPEAKER: 4, ONSET: 5173.580000, OFFSET: 5174.620000, DUR: 1.040000
WARNING: Truncating turn overlapping non-scoring region. TURN: FILE: S13_U02, SPEAKER: 2, ONSET: 5974.590000, OFFSET: 5975.670000, DUR: 1.080000
WARNING: Truncating turn overlapping non-scoring region. TURN: FILE: S13_U02, SPEAKER: 2, ONSET: 7199.750000, OFFSET: 7200.875000, DUR: 1.125000
WARNING: Truncating turn overlapping non-scoring region. TURN: FILE: S13_U03, SPEAKER: 1, ONSET: 5173.040000, OFFSET: 5174.080000, DUR: 1.040000
WARNING: Truncating turn overlapping non-scoring region. TURN: FILE: S13_U03, SPEAKER: 2, ONSET: 5974.040000, OFFSET: 5975.120000, DUR: 1.080000
WARNING: Truncating turn overlapping non-scoring region. TURN: FILE: S13_U03, SPEAKER: 1, ONSET: 7199.250000, OFFSET: 7200.375000, DUR: 1.125000
WARNING: Truncating turn overlapping non-scoring region. TURN: FILE: S13_U04, SPEAKER: 1, ONSET: 5173.500000, OFFSET: 5174.540000, DUR: 1.040000
WARNING: Truncating turn overlapping non-scoring region. TURN: FILE: S13_U04, SPEAKER: 5, ONSET: 5974.490000, OFFSET: 5975.570000, DUR: 1.080000
WARNING: Truncating turn overlapping non-scoring region. TURN: FILE: S13_U04, SPEAKER: 3, ONSET: 7199.800000, OFFSET: 7200.925000, DUR: 1.125000
WARNING: Truncating turn overlapping non-scoring region. TURN: FILE: S13_U05, SPEAKER: 4, ONSET: 5173.400000, OFFSET: 5174.440000, DUR: 1.040000
WARNING: Truncating turn overlapping non-scoring region. TURN: FILE: S13_U05, SPEAKER: 3, ONSET: 5974.450000, OFFSET: 5975.530000, DUR: 1.080000
WARNING: Truncating turn overlapping non-scoring region. TURN: FILE: S13_U05, SPEAKER: 2, ONSET: 7199.620000, OFFSET: 7200.745000, DUR: 1.125000
WARNING: Truncating turn overlapping non-scoring region. TURN: FILE: S13_U06, SPEAKER: 5, ONSET: 5173.710000, OFFSET: 5174.750000, DUR: 1.040000
WARNING: Truncating turn overlapping non-scoring region. TURN: FILE: S13_U06, SPEAKER: 2, ONSET: 5974.740000, OFFSET: 5975.820000, DUR: 1.080000
WARNING: Truncating turn overlapping non-scoring region. TURN: FILE: S13_U06, SPEAKER: 2, ONSET: 7199.810000, OFFSET: 7200.935000, DUR: 1.125000
WARNING: Truncating turn overlapping non-scoring region. TURN: FILE: S16_U02, SPEAKER: 1, ONSET: 4764.770000, OFFSET: 4766.090000, DUR: 1.320000
WARNING: Truncating turn overlapping non-scoring region. TURN: FILE: S17_U01, SPEAKER: 4, ONSET: 2812.405000, OFFSET: 2814.950000, DUR: 2.545000
WARNING: Truncating turn overlapping non-scoring region. TURN: FILE: S17_U02, SPEAKER: 6, ONSET: 4891.675000, OFFSET: 4894.940000, DUR: 3.265000
WARNING: Truncating turn overlapping non-scoring region. TURN: FILE: S17_U03, SPEAKER: 5, ONSET: 4893.175000, OFFSET: 4894.940000, DUR: 1.765000
WARNING: Truncating turn overlapping non-scoring region. TURN: FILE: S17_U04, SPEAKER: 4, ONSET: 2813.135000, OFFSET: 2814.930000, DUR: 1.795000
WARNING: Truncating turn overlapping non-scoring region. TURN: FILE: S17_U04, SPEAKER: 5, ONSET: 4893.275000, OFFSET: 4895.040000, DUR: 1.765000
WARNING: Truncating turn overlapping non-scoring region. TURN: FILE: S17_U05, SPEAKER: 4, ONSET: 2813.905000, OFFSET: 2814.950000, DUR: 1.045000
WARNING: Truncating turn overlapping non-scoring region. TURN: FILE: S17_U05, SPEAKER: 4, ONSET: 4893.265000, OFFSET: 4895.030000, DUR: 1.765000
WARNING: Truncating turn overlapping non-scoring region. TURN: FILE: S17_U05, SPEAKER: 5, ONSET: 5150.395000, OFFSET: 5151.480000, DUR: 1.085000
WARNING: Truncating turn overlapping non-scoring region. TURN: FILE: S17_U06, SPEAKER: 1, ONSET: 4893.175000, OFFSET: 4894.940000, DUR: 1.765000
WARNING: Truncating turn overlapping non-scoring region. TURN: FILE: S18_U01, SPEAKER: 4, ONSET: 3628.530000, OFFSET: 3628.850000, DUR: 0.320000
WARNING: Truncating turn overlapping non-scoring region. TURN: FILE: S18_U01, SPEAKER: 3, ONSET: 4640.000000, OFFSET: 4640.820000, DUR: 0.820000
WARNING: Truncating turn overlapping non-scoring region. TURN: FILE: S18_U01, SPEAKER: 1, ONSET: 4890.685000, OFFSET: 4896.990000, DUR: 6.305000
WARNING: Truncating turn overlapping non-scoring region. TURN: FILE: S18_U01, SPEAKER: 4, ONSET: 4907.410000, OFFSET: 4909.010000, DUR: 1.600000
WARNING: Truncating turn overlapping non-scoring region. TURN: FILE: S18_U01, SPEAKER: 3, ONSET: 9415.040000, OFFSET: 9416.915000, DUR: 1.875000
WARNING: Truncating turn overlapping non-scoring region. TURN: FILE: S18_U02, SPEAKER: 3, ONSET: 3628.290000, OFFSET: 3628.610000, DUR: 0.320000
WARNING: Truncating turn overlapping non-scoring region. TURN: FILE: S18_U02, SPEAKER: 4, ONSET: 4639.730000, OFFSET: 4640.550000, DUR: 0.820000
WARNING: Truncating turn overlapping non-scoring region. TURN: FILE: S18_U02, SPEAKER: 5, ONSET: 4895.775000, OFFSET: 4896.840000, DUR: 1.065000
WARNING: Truncating turn overlapping non-scoring region. TURN: FILE: S18_U02, SPEAKER: 2, ONSET: 4907.260000, OFFSET: 4908.860000, DUR: 1.600000
WARNING: Truncating turn overlapping non-scoring region. TURN: FILE: S18_U02, SPEAKER: 4, ONSET: 9415.280000, OFFSET: 9422.405000, DUR: 7.125000
WARNING: Truncating turn overlapping non-scoring region. TURN: FILE: S18_U03, SPEAKER: 6, ONSET: 3628.360000, OFFSET: 3628.680000, DUR: 0.320000
WARNING: Truncating turn overlapping non-scoring region. TURN: FILE: S18_U03, SPEAKER: 4, ONSET: 4639.760000, OFFSET: 4640.580000, DUR: 0.820000
WARNING: Truncating turn overlapping non-scoring region. TURN: FILE: S18_U03, SPEAKER: 5, ONSET: 4895.015000, OFFSET: 4896.830000, DUR: 1.815000
WARNING: Truncating turn overlapping non-scoring region. TURN: FILE: S18_U03, SPEAKER: 2, ONSET: 4907.260000, OFFSET: 4908.860000, DUR: 1.600000
WARNING: Truncating turn overlapping non-scoring region. TURN: FILE: S18_U03, SPEAKER: 5, ONSET: 9414.530000, OFFSET: 9415.655000, DUR: 1.125000
WARNING: Truncating turn overlapping non-scoring region. TURN: FILE: S18_U04, SPEAKER: 7, ONSET: 3628.230000, OFFSET: 3628.550000, DUR: 0.320000
WARNING: Truncating turn overlapping non-scoring region. TURN: FILE: S18_U04, SPEAKER: 3, ONSET: 4639.650000, OFFSET: 4640.470000, DUR: 0.820000
WARNING: Truncating turn overlapping non-scoring region. TURN: FILE: S18_U04, SPEAKER: 4, ONSET: 4895.695000, OFFSET: 4896.750000, DUR: 1.055000
WARNING: Truncating turn overlapping non-scoring region. TURN: FILE: S18_U04, SPEAKER: 1, ONSET: 4907.180000, OFFSET: 4908.780000, DUR: 1.600000
WARNING: Truncating turn overlapping non-scoring region. TURN: FILE: S18_U04, SPEAKER: 4, ONSET: 9415.650000, OFFSET: 9416.775000, DUR: 1.125000
WARNING: Truncating turn overlapping non-scoring region. TURN: FILE: S18_U05, SPEAKER: 5, ONSET: 3628.500000, OFFSET: 3628.820000, DUR: 0.320000
WARNING: Truncating turn overlapping non-scoring region. TURN: FILE: S18_U05, SPEAKER: 5, ONSET: 4639.980000, OFFSET: 4640.800000, DUR: 0.820000
WARNING: Truncating turn overlapping non-scoring region. TURN: FILE: S18_U05, SPEAKER: 4, ONSET: 4894.525000, OFFSET: 4897.090000, DUR: 2.565000
WARNING: Truncating turn overlapping non-scoring region. TURN: FILE: S18_U05, SPEAKER: 4, ONSET: 4907.510000, OFFSET: 4909.110000, DUR: 1.600000
WARNING: Truncating turn overlapping non-scoring region. TURN: FILE: S18_U05, SPEAKER: 2, ONSET: 9415.920000, OFFSET: 9417.045000, DUR: 1.125000
WARNING: Truncating turn overlapping non-scoring region. TURN: FILE: S18_U06, SPEAKER: 2, ONSET: 3561.950000, OFFSET: 3562.270000, DUR: 0.320000
WARNING: Truncating turn overlapping non-scoring region. TURN: FILE: S18_U06, SPEAKER: 4, ONSET: 4573.390000, OFFSET: 4574.210000, DUR: 0.820000
WARNING: Truncating turn overlapping non-scoring region. TURN: FILE: S18_U06, SPEAKER: 1, ONSET: 4824.845000, OFFSET: 4830.410000, DUR: 5.565000
WARNING: Truncating turn overlapping non-scoring region. TURN: FILE: S18_U06, SPEAKER: 2, ONSET: 4840.830000, OFFSET: 4842.430000, DUR: 1.600000
WARNING: Truncating turn overlapping non-scoring region. TURN: FILE: S18_U06, SPEAKER: 5, ONSET: 9349.080000, OFFSET: 9351.705000, DUR: 2.625000
WARNING: Truncating turn overlapping non-scoring region. TURN: FILE: S22_U04, SPEAKER: 2, ONSET: 2961.510000, OFFSET: 2963.890000, DUR: 2.380000
WARNING: Truncating turn overlapping non-scoring region. TURN: FILE: S22_U04, SPEAKER: 3, ONSET: 2976.420000, OFFSET: 2978.490000, DUR: 2.070000
WARNING: Truncating turn overlapping non-scoring region. TURN: FILE: S22_U05, SPEAKER: 3, ONSET: 2976.420000, OFFSET: 2978.490000, DUR: 2.070000
Checking for overlapping reference speaker turns...
Checking for overlapping system speaker turns...
Scoring...
